============================= test session starts =============================
platform win32 -- Python 3.11.9, pytest-9.0.2, pluggy-1.6.0 -- C:\Users\wb588585\AppData\Local\Programs\Python\Python311\python.exe
cachedir: .pytest_cache
metadata: {'Python': '3.11.9', 'Platform': 'Windows-10-10.0.26200-SP0', 'Packages': {'pytest': '9.0.2', 'pluggy': '1.6.0'}, 'Plugins': {'anyio': '4.13.0', 'asyncio': '1.3.0', 'cov': '7.1.0', 'html': '4.2.0', 'metadata': '3.1.1'}, 'JAVA_HOME': 'C:\\Program Files\\RedHat\\java-1.8.0-openjdk-1.8.0.482-1\\'}
rootdir: C:\Users\wb588585\source\repos\document-audio-generation-service
plugins: anyio-4.13.0, asyncio-1.3.0, cov-7.1.0, html-4.2.0, metadata-3.1.1
asyncio: mode=Mode.STRICT, debug=False, asyncio_default_fixture_loop_scope=None, asyncio_default_test_loop_scope=function
collecting ... collected 67 items

tests/unit/test_audio_services.py::TestSpeechStyleManager::test_explain_style_defaults PASSED [  1%]
tests/unit/test_audio_services.py::TestSpeechStyleManager::test_teach_style_slower_rate PASSED [  2%]
tests/unit/test_audio_services.py::TestSpeechStyleManager::test_unknown_mode_returns_explain PASSED [  4%]
tests/unit/test_audio_services.py::TestSpeechStyleManager::test_custom_style_overrides PASSED [  5%]
tests/unit/test_audio_services.py::TestSpeechStyleManager::test_custom_style_keeps_base_when_no_override PASSED [  7%]
tests/unit/test_audio_services.py::TestSpeechStyleManager::test_list_available_styles PASSED [  8%]
tests/unit/test_audio_services.py::TestCreateHandler::test_factory_returns_edge_handler PASSED [ 10%]
tests/unit/test_audio_services.py::TestCreateHandler::test_factory_returns_coqui_handler PASSED [ 11%]
tests/unit/test_audio_services.py::TestCreateHandler::test_factory_returns_xtts_handler PASSED [ 13%]
tests/unit/test_audio_services.py::TestCreateHandler::test_factory_returns_fast_pitch_handler PASSED [ 14%]
tests/unit/test_audio_services.py::TestCreateHandler::test_factory_returns_tortoise_handler PASSED [ 16%]
tests/unit/test_audio_services.py::TestCreateHandler::test_factory_returns_bark_handler PASSED [ 17%]
tests/unit/test_audio_services.py::TestCreateHandler::test_factory_raises_for_unknown_engine PASSED [ 19%]
tests/unit/test_audio_services.py::TestEdgeTTSHandlerInterface::test_is_base_tts_model PASSED [ 20%]
tests/unit/test_audio_services.py::TestEdgeTTSHandlerInterface::test_engine_name PASSED [ 22%]
tests/unit/test_audio_services.py::TestEdgeTTSHandlerInterface::test_no_voice_cloning PASSED [ 23%]
tests/unit/test_audio_services.py::TestEdgeTTSHandlerInterface::test_supported_languages_not_empty PASSED [ 25%]
tests/unit/test_audio_services.py::TestEdgeTTSHandlerInterface::test_model_info FAILED [ 26%]
tests/unit/test_audio_services.py::TestEdgeTTSHandlerInterface::test_load_model_with_package PASSED [ 28%]
tests/unit/test_audio_services.py::TestEdgeTTSHandlerInterface::test_synthesize_calls_edge_tts PASSED [ 29%]
tests/unit/test_audio_services.py::TestCoquiTTSHandlerInterface::test_is_base_tts_model PASSED [ 31%]
tests/unit/test_audio_services.py::TestCoquiTTSHandlerInterface::test_engine_name PASSED [ 32%]
tests/unit/test_audio_services.py::TestCoquiTTSHandlerInterface::test_no_voice_cloning PASSED [ 34%]
tests/unit/test_audio_services.py::TestCoquiTTSHandlerInterface::test_model_info_keys FAILED [ 35%]
tests/unit/test_audio_services.py::TestXTTSv2HandlerInterface::test_is_base_tts_model PASSED [ 37%]
tests/unit/test_audio_services.py::TestXTTSv2HandlerInterface::test_engine_name PASSED [ 38%]
tests/unit/test_audio_services.py::TestXTTSv2HandlerInterface::test_voice_cloning_supported PASSED [ 40%]
tests/unit/test_audio_services.py::TestXTTSv2HandlerInterface::test_multilingual PASSED [ 41%]
tests/unit/test_audio_services.py::TestFastPitchHandlerInterface::test_is_base_tts_model PASSED [ 43%]
tests/unit/test_audio_services.py::TestFastPitchHandlerInterface::test_engine_name PASSED [ 44%]
tests/unit/test_audio_services.py::TestFastPitchHandlerInterface::test_no_voice_cloning PASSED [ 46%]
tests/unit/test_audio_services.py::TestTortoiseTTSHandlerInterface::test_is_base_tts_model PASSED [ 47%]
tests/unit/test_audio_services.py::TestTortoiseTTSHandlerInterface::test_engine_name PASSED [ 49%]
tests/unit/test_audio_services.py::TestTortoiseTTSHandlerInterface::test_voice_cloning_supported PASSED [ 50%]
tests/unit/test_audio_services.py::TestBarkHandlerInterface::test_is_base_tts_model PASSED [ 52%]
tests/unit/test_audio_services.py::TestBarkHandlerInterface::test_engine_name PASSED [ 53%]
tests/unit/test_audio_services.py::TestBarkHandlerInterface::test_no_voice_cloning PASSED [ 55%]
tests/unit/test_audio_services.py::TestBarkHandlerInterface::test_multilingual PASSED [ 56%]
tests/unit/test_audio_services.py::TestTTSService::test_default_engine_is_edge PASSED [ 58%]
tests/unit/test_audio_services.py::TestTTSService::test_handler_is_base_tts_model PASSED [ 59%]
tests/unit/test_audio_services.py::TestTTSService::test_handler_property_returns_handler PASSED [ 61%]
tests/unit/test_audio_services.py::TestTTSService::test_engine_info FAILED [ 62%]
tests/unit/test_audio_services.py::TestTTSService::test_synthesize_delegates_to_handler PASSED [ 64%]
tests/unit/test_audio_services.py::TestTTSService::test_synthesize_passes_speaker_wav PASSED [ 65%]
tests/unit/test_audio_services.py::TestTTSService::test_synthesize_includes_voice_cloned_flag PASSED [ 67%]
tests/unit/test_audio_services.py::TestTTSService::test_synthesize_creates_audio_via_edge PASSED [ 68%]
tests/unit/test_audio_services.py::TestTTSService::test_empty_text_raises PASSED [ 70%]
tests/unit/test_audio_services.py::TestTTSService::test_whitespace_only_raises PASSED [ 71%]
tests/unit/test_audio_services.py::TestTTSService::test_handler_error_wrapped PASSED [ 73%]
tests/unit/test_audio_services.py::TestTTSService::test_estimate_duration PASSED [ 74%]
tests/unit/test_audio_services.py::TestTTSService::test_get_audio_file_exists PASSED [ 76%]
tests/unit/test_audio_services.py::TestTTSService::test_get_audio_file_not_found PASSED [ 77%]
tests/unit/test_audio_services.py::TestTTSService::test_get_audio_file_fallback_format PASSED [ 79%]
tests/unit/test_audio_services.py::TestTTSService::test_delete_audio PASSED [ 80%]
tests/unit/test_audio_services.py::TestTTSService::test_delete_nonexistent_audio PASSED [ 82%]
tests/unit/test_audio_services.py::TestTTSService::test_list_audio_files PASSED [ 83%]
tests/unit/test_audio_services.py::TestTTSServiceEngineSwitching::test_service_selects_matching_handler[edge-tts] PASSED [ 85%]
tests/unit/test_audio_services.py::TestTTSServiceEngineSwitching::test_service_selects_matching_handler[coqui] PASSED [ 86%]
tests/unit/test_audio_services.py::TestTTSServiceEngineSwitching::test_service_selects_matching_handler[xtts_v2] PASSED [ 88%]
tests/unit/test_audio_services.py::TestTTSServiceEngineSwitching::test_service_selects_matching_handler[fast_pitch] PASSED [ 89%]
tests/unit/test_audio_services.py::TestTTSServiceEngineSwitching::test_service_selects_matching_handler[tortoise] PASSED [ 91%]
tests/unit/test_audio_services.py::TestTTSServiceEngineSwitching::test_service_selects_matching_handler[bark] PASSED [ 92%]
tests/unit/test_audio_services.py::TestTTSConstants::test_supported_engines_contains_all PASSED [ 94%]
tests/unit/test_audio_services.py::TestTTSConstants::test_supported_engines_count PASSED [ 95%]
tests/unit/test_audio_services.py::TestAudioProcessor::test_get_metadata_for_existing_file PASSED [ 97%]
tests/unit/test_audio_services.py::TestAudioProcessor::test_get_metadata_for_missing_file PASSED [ 98%]
tests/unit/test_audio_services.py::TestAudioProcessor::test_convert_format_without_pydub_returns_none PASSED [100%]

================================== FAILURES ===================================
_________________ TestEdgeTTSHandlerInterface.test_model_info _________________

self = <tests.unit.test_audio_services.TestEdgeTTSHandlerInterface object at 0x00000292BEC6AE90>
handler = <app.services.audio_generation.tts_models.edge_tts_handler.EdgeTTSHandler object at 0x00000292BECB3210>

    def test_model_info(self, handler):
        info = handler.get_model_info()
>       assert info["engine_name"] == "edge-tts"
               ^^^^^^^^^^^^^^^^^^^
E       KeyError: 'engine_name'

tests\unit\test_audio_services.py:192: KeyError
______________ TestCoquiTTSHandlerInterface.test_model_info_keys ______________

self = <tests.unit.test_audio_services.TestCoquiTTSHandlerInterface object at 0x00000292BEC74350>
handler = <app.services.audio_generation.tts_models.coqui_tts_handler.CoquiTTSHandler object at 0x00000292BF469350>

    def test_model_info_keys(self, handler):
        info = handler.get_model_info()
>       assert "engine_name" in info
E       AssertionError: assert 'engine_name' in {'engine': 'coqui', 'languages': ['en'], 'loaded': False, 'supports_cloning': False}

tests\unit\test_audio_services.py:242: AssertionError
_______________________ TestTTSService.test_engine_info _______________________

self = <tests.unit.test_audio_services.TestTTSService object at 0x00000292BEC7A050>
tts_service = <app.services.audio_generation.tts_service.TTSService object at 0x00000292BEFCA950>

    def test_engine_info(self, tts_service):
        info = tts_service.get_engine_info()
        assert info["engine"] == "edge-tts"
>       assert "engine_name" in info
E       AssertionError: assert 'engine_name' in {'engine': 'edge-tts', 'languages': ['en', 'es', 'fr', 'de', 'it', 'pt', ...], 'loaded': False, 'supports_cloning': False}

tests\unit\test_audio_services.py:369: AssertionError
============================== warnings summary ===============================
app\core\config.py:35
  C:\Users\wb588585\source\repos\document-audio-generation-service\app\core\config.py:35: PydanticDeprecatedSince20: Support for class-based `config` is deprecated, use ConfigDict instead. Deprecated in Pydantic V2.0 to be removed in V3.0. See Pydantic V2 Migration Guide at https://errors.pydantic.dev/2.12/migration/
    class AppSettings(BaseSettings):

-- Docs: https://docs.pytest.org/en/stable/how-to/capture-warnings.html
=========================== short test summary info ===========================
FAILED tests/unit/test_audio_services.py::TestEdgeTTSHandlerInterface::test_model_info
FAILED tests/unit/test_audio_services.py::TestCoquiTTSHandlerInterface::test_model_info_keys
FAILED tests/unit/test_audio_services.py::TestTTSService::test_engine_info - ...
=================== 3 failed, 64 passed, 1 warning in 7.96s ===================
